// Jest Snapshot v1, https://goo.gl/fbAQLP

exports[`AddTaskBar render 1`] = `
<View
  style={
    Object {
      "alignItems": "center",
      "display": "flex",
      "flexDirection": "row",
      "height": 40,
      "justifyContent": "center",
      "marginBottom": 24,
      "marginTop": 48,
      "paddingHorizontal": 24,
      "width": "100%",
    }
  }
>
  <TextInput
    maxLength={96}
    onChangeText={[Function]}
    placeholder="Some simple note"
    placeholderTextColor="#959595"
    selectionColor="#b0e55a"
    style={
      Object {
        "borderColor": "#f7f7f7",
        "borderWidth": 1,
        "color": "#f7f7f7",
        "flex": 1,
        "height": "100%",
        "padding": 8,
      }
    }
    value=""
  />
  <View
    accessible={true}
    collapsable={false}
    focusable={true}
    onBlur={[Function]}
    onClick={[Function]}
    onFocus={[Function]}
    onResponderGrant={[Function]}
    onResponderMove={[Function]}
    onResponderRelease={[Function]}
    onResponderTerminate={[Function]}
    onResponderTerminationRequest={[Function]}
    onStartShouldSetResponder={[Function]}
    style={
      Object {
        "alignItems": "center",
        "backgroundColor": "#b0e55a",
        "display": "flex",
        "flexDirection": "row",
        "height": "100%",
        "justifyContent": "center",
        "marginLeft": 8,
        "paddingHorizontal": 24,
      }
    }
  >
    <Text>
      ADD
    </Text>
  </View>
</View>
`;
